// Jest Snapshot v1, https://goo.gl/fbAQLP

exports[`Header renders without error 1`] = `
<DocumentFragment>
  <header
    class="MuiPaper-root MuiAppBar-root MuiAppBar-positionStatic MuiAppBar-colorPrimary MuiPaper-elevation4"
  >
    <div
      class="MuiToolbar-root MuiToolbar-regular MuiToolbar-gutters"
    >
      <h6
        class="MuiTypography-root makeStyles-title-3 MuiTypography-h6"
      >
        Backgammon Tournament
      </h6>
    </div>
  </header>
</DocumentFragment>
`;
