// Vitest Snapshot v1, https://vitest.dev/guide/snapshot.html

exports[`ReadonlyRoundCard > renders without error 1`] = `
<DocumentFragment>
  <div
    class="flex flex-col gap-0.5 border-2 border-gray-300 p-0.5"
  >
    <div
      class="flex flex-col"
    >
      <div
        class="focus-within:z-10"
      >
        <div
          class="flex flex-row items-stretch justify-between gap-0.5"
        >
          <h5
            class="flex flex-auto items-center border pl-3 font-bold text-lg border-gray-300 text-gray-300"
          >
            Name1
          </h5>
          <div
            class="flex flex-row "
          >
            <form
              autocomplete="off"
            >
              <input
                autocomplete="off"
                autocorrect="off"
                class="focus:none border-1 border-black font-bold text-lg placeholder:text-gray-300 focus:outline-none focus:ring-2 focus:ring-offset-1 border-gray-300 text-gray-300 cursor-not-allowed hover:bg-transparent h-[54px] w-[54px] text-center"
                disabled=""
                name="score"
                readonly=""
                type="text"
                value="0"
              />
            </form>
          </div>
        </div>
      </div>
      <div
        class="-mt-[1px] focus-within:z-10"
      >
        <div
          class="flex flex-row items-stretch justify-between gap-0.5"
        >
          <h5
            class="flex flex-auto items-center border pl-3 font-bold text-lg border-gray-300 text-gray-300"
          >
            Name2
          </h5>
          <div
            class="flex flex-row "
          >
            <form
              autocomplete="off"
            >
              <input
                autocomplete="off"
                autocorrect="off"
                class="focus:none border-1 border-black font-bold text-lg placeholder:text-gray-300 focus:outline-none focus:ring-2 focus:ring-offset-1 border-gray-300 text-gray-300 cursor-not-allowed hover:bg-transparent h-[54px] w-[54px] text-center"
                disabled=""
                name="score"
                readonly=""
                type="text"
                value="0"
              />
            </form>
          </div>
        </div>
      </div>
    </div>
    <div
      class="flex flex-col"
    >
      <div
        class="focus-within:z-10"
      >
        <div
          class="flex flex-row items-stretch justify-between gap-0.5"
        >
          <h5
            class="flex flex-auto items-center border pl-3 font-bold text-lg border-gray-300 text-gray-300"
          >
            Name1
          </h5>
          <div
            class="flex flex-row "
          >
            <form
              autocomplete="off"
            >
              <input
                autocomplete="off"
                autocorrect="off"
                class="focus:none border-1 border-black font-bold text-lg placeholder:text-gray-300 focus:outline-none focus:ring-2 focus:ring-offset-1 border-gray-300 text-gray-300 cursor-not-allowed hover:bg-transparent h-[54px] w-[54px] text-center"
                disabled=""
                name="score"
                readonly=""
                type="text"
                value="0"
              />
            </form>
          </div>
        </div>
      </div>
      <div
        class="-mt-[1px] focus-within:z-10"
      >
        <div
          class="flex flex-row items-stretch justify-between gap-0.5"
        >
          <h5
            class="flex flex-auto items-center border pl-3 font-bold text-lg border-gray-300 text-gray-300"
          >
            Name2
          </h5>
          <div
            class="flex flex-row "
          >
            <form
              autocomplete="off"
            >
              <input
                autocomplete="off"
                autocorrect="off"
                class="focus:none border-1 border-black font-bold text-lg placeholder:text-gray-300 focus:outline-none focus:ring-2 focus:ring-offset-1 border-gray-300 text-gray-300 cursor-not-allowed hover:bg-transparent h-[54px] w-[54px] text-center"
                disabled=""
                name="score"
                readonly=""
                type="text"
                value="0"
              />
            </form>
          </div>
        </div>
      </div>
    </div>
    <div
      class="flex flex-col"
    >
      <div
        class="focus-within:z-10"
      >
        <div
          class="flex flex-row items-stretch justify-between gap-0.5"
        >
          <h5
            class="flex flex-auto items-center border pl-3 font-bold text-lg border-gray-300 text-gray-300"
          >
            Name1
          </h5>
          <div
            class="flex flex-row "
          >
            <form
              autocomplete="off"
            >
              <input
                autocomplete="off"
                autocorrect="off"
                class="focus:none border-1 border-black font-bold text-lg placeholder:text-gray-300 focus:outline-none focus:ring-2 focus:ring-offset-1 border-gray-300 text-gray-300 cursor-not-allowed hover:bg-transparent h-[54px] w-[54px] text-center"
                disabled=""
                name="score"
                readonly=""
                type="text"
                value="0"
              />
            </form>
          </div>
        </div>
      </div>
      <div
        class="-mt-[1px] focus-within:z-10"
      >
        <div
          class="flex flex-row items-stretch justify-between gap-0.5"
        >
          <h5
            class="flex flex-auto items-center border pl-3 font-bold text-lg border-gray-300 text-gray-300"
          >
            Name2
          </h5>
          <div
            class="flex flex-row "
          >
            <form
              autocomplete="off"
            >
              <input
                autocomplete="off"
                autocorrect="off"
                class="focus:none border-1 border-black font-bold text-lg placeholder:text-gray-300 focus:outline-none focus:ring-2 focus:ring-offset-1 border-gray-300 text-gray-300 cursor-not-allowed hover:bg-transparent h-[54px] w-[54px] text-center"
                disabled=""
                name="score"
                readonly=""
                type="text"
                value="0"
              />
            </form>
          </div>
        </div>
      </div>
    </div>
  </div>
</DocumentFragment>
`;
