// Jest Snapshot v1, https://goo.gl/fbAQLP

exports[`Test renders without error 1`] = `
<DocumentFragment>
  <div
    class="root"
  >
    Test
  </div>
</DocumentFragment>
`;
