// Vitest Snapshot v1, https://vitest.dev/guide/snapshot.html

exports[`Button > renders without error 1`] = `
<DocumentFragment>
  <button
    class="
        font-medium text-lg uppercase hover:opacity-50 transition-opacity  focus:outline-none focus:ring-2 focus:ring-offset-1 whitespace-nowrap
        cursor-pointer border-primary text-primary focus:ring-red-400
        
        
      "
    type="button"
  >
    <div
      class="flex flex-row items-stretch justify-between w-full border-1"
    >
      <span
        class="flex items-center flex-1 px-4 py-2 "
      >
        Click me
      </span>
    </div>
  </button>
</DocumentFragment>
`;
